#
# Matthias Jung, Raphael Salguero / ORDIX AG
#

Erstellen Sie eine Konfigurationsdatei für Ihren Server.
Diese sollte zunächst minimal die beiden Gruppen "mysql" und "mysqld" enthalten.

Eine Vorlage finden Sie unter:
    /home/ordix/Vorlagen/my.cnf
    
Ändern Sie für die Gruppen "client" die Einstellungen für den Port und das Socket.
Können Sie sich weiterhin erfolgreich am Server authentifizieren?

## Lösungen

# Anpassungen in der Konfigurationsdatei
# Anmeldung ist danach nicht mehr möglich, da der korrekte Socket nicht bekannt ist
[root@vm132 ~]# cat /opt/mysql/my01.cnf
[client]
port=3308
socket=/tmp/mysql04.sock

[root@vm132 ~]# mysql -uroot
ERROR 2002 (HY000): Can't connect to local MySQL server through socket '/tmp/mysql.sock' (2)

# MYSQL Umgebungsvariablen

[root@vm132 ~]# export MYSQL_UNIX_PORT=/tmp/my01.cnf
[root@vm132 ~]# export MYSQL_HOST=vm132.schulung.wbn.ordix.de
[root@vm132 ~]# export MYSQL_TCP_PORT=3306
