#
# Matthias Jung, Raphael Salguero / ORDIX AG
#

Legen Sie einen zweiten Datenbank-Server an.
Dieser soll seine Datenbank unterhalb des folgenden Verzeichnisses haben:

/mysql/db02

Der Server sollte über ein eigenes Start- und Stoppskript, sowie eine eigene Konfigurationsdatei verfügen.
Bedenken Sie, dass jetzt zwei Server auf einem Host (OS) laufen.

Vermeiden Sie, dass die beiden Server um kritische Ressourcen konkurrieren:
- Port
- Socket
- Datadir
- ...

## Lösungen

# Anlegen des zweiten DB-Servers
[root@vm132 ~]# mysqld --initialize --user=mysql --datadir=/mysql/db02
2019-03-11T12:51:02.362966Z 0 [System] [MY-013169] [Server] mysqld (mysqld 8.0.11) initializing of server in progress as process 3541
2019-03-11T12:51:02.363018Z 0 [ERROR] [MY-010338] [Server] Can't find error-message file '/share/errmsg.sys'. Check error-message file location and 'lc-messages-dir' configuration directive.
2019-03-11T12:51:06.077085Z 5 [Note] [MY-010454] [Server] A temporary password is generated for root@localhost: h_ngta*YR2gG
2019-03-11T12:51:08.355226Z 0 [System] [MY-013170] [Server] mysqld (mysqld 8.0.11) initializing of server has completed

# Kopieren der Konfigurations-Datei und Anpassungen (Socket, Port und Datadir sind wichtig!)
[root@vm132 ~]# cat /opt/mysql/my02.cnf
[client]
port=3307
socket=/tmp/mysql02.sock

[mysqld]
user=mysql
port=3307
socket=/tmp/mysql02.sock
mysqlx_port=33061
mysqlx_socket=/tmp/mysql02x.sock
datadir=/mysql/db02
server-id=2
performance_schema
log-bin
gtid_mode=ON
enforce_gtid_consistency=ON
binlog_checksum=NONE

# eigenes Start- und Stoppskript 
# datadir und basedir anpassen
# --deftauls-file beim Aufruf von mysqld-safe anpassen
[root@vm132 ~]# cp start_mysql1.sh start_mysql2.sh
[root@vm132 ~]# cat start_mysql2.sh | grep mysqld_safe
      $bindir/mysqld_safe --defaults-file=/opt/mysql/my02.cnf --datadir="$datadir" --pid-file="$mysqld_pid_file_path" $other_args >/dev/null &

# Start des Servers und Setzen des Root-Passwortes
[root@vm132 ~]# ./start_mysql2.sh start
... SUCCESS!
[root@vm132 ~]#
[root@vm132 ~]# mysql -uroot -p
Enter password:
Welcome to the MySQL monitor.  Commands end with ; or \g.
Your MySQL connection id is 9
Server version: 8.0.11

Copyright (c) 2000, 2018, Oracle and/or its affiliates. All rights reserved.

Oracle is a registered trademark of Oracle Corporation and/or its
affiliates. Other names may be trademarks of their respective
owners.

Type 'help;' or '\h' for help. Type '\c' to clear the current input statement.

root@(none)>alter user 'root'@'localhost' identified by '';
Query OK, 0 rows affected (0,48 sec)

root@(none)>
root@(none)>exit
Bye
[root@vm132 ~]#
[root@vm132 ~]#
[root@vm132 ~]# mysql -uroot
Welcome to the MySQL monitor.  Commands end with ; or \g.
Your MySQL connection id is 10
Server version: 8.0.11 MySQL Community Server - GPL

Copyright (c) 2000, 2018, Oracle and/or its affiliates. All rights reserved.

Oracle is a registered trademark of Oracle Corporation and/or its
affiliates. Other names may be trademarks of their respective
owners.

Type 'help;' or '\h' for help. Type '\c' to clear the current input statement.

root@(none)>exit
Bye
